../Inc/core_cm4.h:1684:22:__NVIC_EnableIRQ.part.0	0	static,ignoring_inline_asm
../Driver/Timer/Timer.c:28:6:TIM1_BRK_TIM9_IRQHandler	8	static
../Driver/Timer/Timer.c:56:6:TIM1_UP_TIM10_IRQHandler	8	static
../Driver/Timer/Timer.c:74:6:TIM1_TRG_COM_TIM11_IRQHandler	8	static
../Driver/Timer/Timer.c:99:6:TIM1_CC_IRQHandler	8	static
../Driver/Timer/Timer.c:126:6:TIM2_IRQHandler	8	static
../Driver/Timer/Timer.c:160:6:TIM3_IRQHandler	8	static
../Driver/Timer/Timer.c:194:6:TIM4_IRQHandler	8	static
../Driver/Timer/Timer.c:228:6:TIM5_IRQHandler	8	static
../Driver/Timer/Timer.c:262:6:TIM6_DAC_IRQHandler	0	static
../Driver/Timer/Timer.c:273:6:TIM7_IRQHandler	8	static
../Driver/Timer/Timer.c:302:6:TIM8_BRK_TIM12_IRQHandler	8	static
../Driver/Timer/Timer.c:330:6:TIM8_UP_TIM13_IRQHandler	8	static
../Driver/Timer/Timer.c:348:6:TIM8_TRG_COM_TIM14_IRQHandler	8	static
../Driver/Timer/Timer.c:373:6:TIM8_CC_IRQHandler	8	static
../Driver/Timer/Timer.c:1071:6:Timer_Init	40	static
../Driver/Timer/Timer.c:1137:6:PWM_Frequency_Update	8	static
../Driver/Timer/Timer.c:1150:6:PWM_Duty_Cycle_Update	8	static
../Driver/Timer/Timer.c:1162:6:Encoder_Start	0	static
../Driver/Timer/Timer.c:1169:10:Encoder_Read_Counts	0	static
../Driver/Timer/Timer.c:1174:9:Encoder_Get_Direction	0	static
../Driver/Timer/Timer.c:1188:6:Input_PWM_Channel_Set	0	static
../Driver/Timer/Timer.c:1195:6:Input_PWM_Get_Data	0	static
