../Src/main.c:83:6:Select_DIG1	0	static
../Src/main.c:88:6:Select_DIG2	0	static
../Src/main.c:93:6:Diselect_DIG1	0	static
../Src/main.c:98:6:Diselect_DIG2	0	static
../Src/main.c:104:6:Select_DIG3	0	static
../Src/main.c:108:6:Diselect_DIG3	0	static
../Src/main.c:113:6:Select_DIG4	0	static
../Src/main.c:117:6:Diselect_DIG4	0	static
../Src/main.c:129:6:Seg7_Update	8	static
../Src/main.c:122:6:Seven_Segment_Display	0	static
../Src/main.c:188:6:Seg7_Init	48	static
../Src/main.c:218:6:display_number	8	static
../Src/main.c:226:5:main	16	static
