../Inc/core_cm4.h:1684:22:__NVIC_EnableIRQ	16	static,ignoring_inline_asm
../Driver/Timer/Timer.h:65:22:Timer_Trigger	16	static
../Driver/Timer/Timer.c:28:6:TIM1_BRK_TIM9_IRQHandler	8	static
../Driver/Timer/Timer.c:56:6:TIM1_UP_TIM10_IRQHandler	8	static
../Driver/Timer/Timer.c:74:6:TIM1_TRG_COM_TIM11_IRQHandler	8	static
../Driver/Timer/Timer.c:99:6:TIM1_CC_IRQHandler	8	static
../Driver/Timer/Timer.c:126:6:TIM2_IRQHandler	8	static
../Driver/Timer/Timer.c:160:6:TIM3_IRQHandler	8	static
../Driver/Timer/Timer.c:194:6:TIM4_IRQHandler	8	static
../Driver/Timer/Timer.c:228:6:TIM5_IRQHandler	8	static
../Driver/Timer/Timer.c:262:6:TIM6_DAC_IRQHandler	8	static
../Driver/Timer/Timer.c:273:6:TIM7_IRQHandler	8	static
../Driver/Timer/Timer.c:302:6:TIM8_BRK_TIM12_IRQHandler	8	static
../Driver/Timer/Timer.c:330:6:TIM8_UP_TIM13_IRQHandler	8	static
../Driver/Timer/Timer.c:348:6:TIM8_TRG_COM_TIM14_IRQHandler	8	static
../Driver/Timer/Timer.c:373:6:TIM8_CC_IRQHandler	8	static
../Driver/Timer/Timer.c:400:13:Timer_1_Pin_Init	40	static
../Driver/Timer/Timer.c:460:13:Timer_2_Pin_Init	40	static
../Driver/Timer/Timer.c:515:13:Timer_3_Pin_Init	40	static
../Driver/Timer/Timer.c:567:13:Timer_4_Pin_Init	40	static
../Driver/Timer/Timer.c:615:13:Timer_5_Pin_Init	40	static
../Driver/Timer/Timer.c:655:13:Timer_8_Pin_Init	40	static
../Driver/Timer/Timer.c:711:13:Timer_9_Pin_Init	40	static
../Driver/Timer/Timer.c:742:13:Timer_10_Pin_Init	40	static
../Driver/Timer/Timer.c:761:13:Timer_11_Pin_Init	40	static
../Driver/Timer/Timer.c:780:13:Timer_12_Pin_Init	40	static
../Driver/Timer/Timer.c:805:13:Timer_13_Pin_Init	40	static
../Driver/Timer/Timer.c:824:13:Timer_14_Pin_Init	40	static
../Driver/Timer/Timer.c:849:13:Input_Capture_Mode_Setup	16	static
../Driver/Timer/Timer.c:906:13:PWM_Input_Mode_Setup	16	static
../Driver/Timer/Timer.c:956:13:Encoder_Mode_Setup	16	static
../Driver/Timer/Timer.c:984:13:XOR_Mode_Setup	16	static
../Driver/Timer/Timer.c:993:13:PWM_Mode_Setup	16	static
../Driver/Timer/Timer.c:1062:13:Timer_Update	16	static
../Driver/Timer/Timer.c:1071:6:Timer_Init	16	static
../Driver/Timer/Timer.c:1137:6:PWM_Frequency_Update	24	static
../Driver/Timer/Timer.c:1150:6:PWM_Duty_Cycle_Update	24	static
../Driver/Timer/Timer.c:1162:6:Encoder_Start	16	static
../Driver/Timer/Timer.c:1169:10:Encoder_Read_Counts	16	static
../Driver/Timer/Timer.c:1174:9:Encoder_Get_Direction	16	static
../Driver/Timer/Timer.c:1188:6:Input_PWM_Channel_Set	16	static
../Driver/Timer/Timer.c:1195:6:Input_PWM_Get_Data	24	static
