../Inc/core_cm4.h:1814:22:__NVIC_SetPriority	16	static
../Inc/core_cm4.h:2022:26:SysTick_Config	16	static
../Inc/main.h:51:22:MCU_Clock_Setup	16	static
../Inc/main.h:115:26:Delay_Config	4	static
../Inc/main.h:140:26:Delay_ms	24	static
../Inc/main.h:151:26:Delay_milli	16	static
D:/STM32F407_Projects/Seven_Segment_Display_Driver/Driver/GPIO/GPIO.h:71:23:GPIO_Pin_Low	16	static
D:/STM32F407_Projects/Seven_Segment_Display_Driver/Driver/GPIO/GPIO.h:121:23:GPIO_Pin_High	16	static
D:/STM32F407_Projects/Seven_Segment_Display_Driver/Driver/Timer/Timer.h:65:22:Timer_Trigger	16	static
../Src/main.c:81:6:Select_DIG1	8	static
../Src/main.c:86:6:Select_DIG2	8	static
../Src/main.c:91:6:Diselect_DIG1	8	static
../Src/main.c:96:6:Diselect_DIG2	8	static
../Src/main.c:101:6:Seven_Segment_Display	4	static
../Src/main.c:108:6:Seg7_Update	8	static
../Src/main.c:159:6:Seg7_Init	48	static
../Src/main.c:189:6:display_number	16	static
../Src/main.c:195:5:main	16	static
