../Inc/core_cm4.h:1814:22:__NVIC_SetPriority	16	static
../Inc/core_cm4.h:2022:26:SysTick_Config	16	static
../Inc/main.h:51:22:MCU_Clock_Setup	16	static
../Inc/main.h:115:26:Delay_Config	4	static
../Inc/main.h:140:26:Delay_ms	24	static
../Inc/main.h:151:26:Delay_milli	16	static
D:/STM32F407_Projects/Seven_Segment_Display_Driver/Driver/GPIO/GPIO.h:71:23:GPIO_Pin_Low	16	static
D:/STM32F407_Projects/Seven_Segment_Display_Driver/Driver/GPIO/GPIO.h:121:23:GPIO_Pin_High	16	static
D:/STM32F407_Projects/Seven_Segment_Display_Driver/Driver/Timer/Timer.h:65:22:Timer_Trigger	16	static
../Src/main.c:85:6:Select_DIG1	8	static
../Src/main.c:90:6:Diselect_DIG1	8	static
../Src/main.c:95:6:Select_DIG2	8	static
../Src/main.c:100:6:Diselect_DIG2	8	static
../Src/main.c:106:6:Select_DIG3	8	static
../Src/main.c:110:6:Diselect_DIG3	8	static
../Src/main.c:115:6:Select_DIG4	8	static
../Src/main.c:119:6:Diselect_DIG4	8	static
../Src/main.c:124:6:Seven_Segment_Display	4	static
../Src/main.c:131:6:Seg7_Update	8	static
../Src/main.c:203:6:Seg7_Init	48	static
../Src/main.c:235:6:display_number	24	static
../Src/main.c:253:5:main	16	static
